// Jest Snapshot v1, https://goo.gl/fbAQLP

exports[`components/user_settings/display/UserSettingsDisplay should match snapshot 1`] = `
Object {
  "asFragment": [Function],
  "baseElement": <body>
    <div>
      <div
        id="notificationSettings"
      >
        <div
          class="modal-header"
        >
          <button
            class="close"
            data-dismiss="modal"
            id="closeButton"
            type="button"
          >
            <span
              aria-hidden="true"
            >
              ×
            </span>
          </button>
          <h4
            class="modal-title"
          >
            <div
              class="modal-back"
            >
              <i
                aria-label="Collapse Icon"
                class="fa fa-angle-left"
              />
            </div>
            Notification Settings
          </h4>
        </div>
        <div
          class="user-settings"
        >
          <div
            class="notificationSettingsModalHeader"
          >
            <h3
              class="tab-header"
              id="notificationSettingsTitle"
            >
              Notifications
            </h3>
            <a
              href="https://mattermost.com/pl/about-notifications?utm_source=mattermost&utm_medium=in-product&utm_content=&uid=&sid="
              rel="noopener noreferrer"
              target="_blank"
            >
              <i
                class="icon icon-help-circle-outline"
              />
              <span>
                Learn more about notifications
              </span>
            </a>
          </div>
          <div
            class="divider-dark first"
          />
          <div
            class="section-min"
          >
            <div
              class="d-flex"
            >
              <h4
                class="section-min__title"
                id="desktopTitle"
              >
                Desktop Notifications
              </h4>
              <div
                class="section-min__edit"
              >
                <button
                  aria-expanded="false"
                  aria-labelledby="desktopTitle desktopEdit"
                  class="color--link cursor--pointer style--none text-left"
                  id="desktopEdit"
                >
                  <i
                    class="icon-pencil-outline"
                    title="Edit Icon"
                  />
                  Edit
                </button>
              </div>
            </div>
            <div
              class="section-min__describe"
              id="desktopDesc"
            >
              For all activity, without sound
            </div>
          </div>
          <div
            class="divider-light"
          />
          <div
            class="section-min"
          >
            <div
              class="d-flex"
            >
              <h4
                class="section-min__title"
                id="emailTitle"
              >
                Email Notifications
              </h4>
              <div
                class="section-min__edit"
              >
                <button
                  aria-expanded="false"
                  aria-labelledby="emailTitle emailEdit"
                  class="color--link cursor--pointer style--none text-left"
                  id="emailEdit"
                >
                  <i
                    class="icon-pencil-outline"
                    title="Edit Icon"
                  />
                  Edit
                </button>
              </div>
            </div>
            <div
              class="section-min__describe"
              id="emailDesc"
            >
              Email notifications are not enabled
            </div>
          </div>
          <div
            class="divider-light"
          />
          <div
            class="section-min"
          >
            <div
              class="d-flex"
            >
              <h4
                class="section-min__title"
                id="pushTitle"
              >
                Mobile Push Notifications
              </h4>
              <div
                class="section-min__edit"
              >
                <button
                  aria-expanded="false"
                  aria-labelledby="pushTitle pushEdit"
                  class="color--link cursor--pointer style--none text-left"
                  id="pushEdit"
                >
                  <i
                    class="icon-pencil-outline"
                    title="Edit Icon"
                  />
                  Edit
                </button>
              </div>
            </div>
            <div
              class="section-min__describe"
              id="pushDesc"
            >
              Never
            </div>
          </div>
          <div
            class="divider-light"
          />
          <div
            class="section-min"
          >
            <div
              class="d-flex"
            >
              <h4
                class="section-min__title"
                id="keysWithNotificationTitle"
              >
                Keywords that trigger Notifications
              </h4>
              <div
                class="section-min__edit"
              >
                <button
                  aria-expanded="false"
                  aria-labelledby="keysWithNotificationTitle keysWithNotificationEdit"
                  class="color--link cursor--pointer style--none text-left"
                  id="keysWithNotificationEdit"
                >
                  <i
                    class="icon-pencil-outline"
                    title="Edit Icon"
                  />
                  Edit
                </button>
              </div>
            </div>
            <div
              class="section-min__describe"
              id="keysWithNotificationDesc"
            >
              "@some-user"
            </div>
          </div>
          <div
            class="divider-light"
          />
          <div
            class="divider-dark"
          />
        </div>
      </div>
    </div>
  </body>,
  "container": <div>
    <div
      id="notificationSettings"
    >
      <div
        class="modal-header"
      >
        <button
          class="close"
          data-dismiss="modal"
          id="closeButton"
          type="button"
        >
          <span
            aria-hidden="true"
          >
            ×
          </span>
        </button>
        <h4
          class="modal-title"
        >
          <div
            class="modal-back"
          >
            <i
              aria-label="Collapse Icon"
              class="fa fa-angle-left"
            />
          </div>
          Notification Settings
        </h4>
      </div>
      <div
        class="user-settings"
      >
        <div
          class="notificationSettingsModalHeader"
        >
          <h3
            class="tab-header"
            id="notificationSettingsTitle"
          >
            Notifications
          </h3>
          <a
            href="https://mattermost.com/pl/about-notifications?utm_source=mattermost&utm_medium=in-product&utm_content=&uid=&sid="
            rel="noopener noreferrer"
            target="_blank"
          >
            <i
              class="icon icon-help-circle-outline"
            />
            <span>
              Learn more about notifications
            </span>
          </a>
        </div>
        <div
          class="divider-dark first"
        />
        <div
          class="section-min"
        >
          <div
            class="d-flex"
          >
            <h4
              class="section-min__title"
              id="desktopTitle"
            >
              Desktop Notifications
            </h4>
            <div
              class="section-min__edit"
            >
              <button
                aria-expanded="false"
                aria-labelledby="desktopTitle desktopEdit"
                class="color--link cursor--pointer style--none text-left"
                id="desktopEdit"
              >
                <i
                  class="icon-pencil-outline"
                  title="Edit Icon"
                />
                Edit
              </button>
            </div>
          </div>
          <div
            class="section-min__describe"
            id="desktopDesc"
          >
            For all activity, without sound
          </div>
        </div>
        <div
          class="divider-light"
        />
        <div
          class="section-min"
        >
          <div
            class="d-flex"
          >
            <h4
              class="section-min__title"
              id="emailTitle"
            >
              Email Notifications
            </h4>
            <div
              class="section-min__edit"
            >
              <button
                aria-expanded="false"
                aria-labelledby="emailTitle emailEdit"
                class="color--link cursor--pointer style--none text-left"
                id="emailEdit"
              >
                <i
                  class="icon-pencil-outline"
                  title="Edit Icon"
                />
                Edit
              </button>
            </div>
          </div>
          <div
            class="section-min__describe"
            id="emailDesc"
          >
            Email notifications are not enabled
          </div>
        </div>
        <div
          class="divider-light"
        />
        <div
          class="section-min"
        >
          <div
            class="d-flex"
          >
            <h4
              class="section-min__title"
              id="pushTitle"
            >
              Mobile Push Notifications
            </h4>
            <div
              class="section-min__edit"
            >
              <button
                aria-expanded="false"
                aria-labelledby="pushTitle pushEdit"
                class="color--link cursor--pointer style--none text-left"
                id="pushEdit"
              >
                <i
                  class="icon-pencil-outline"
                  title="Edit Icon"
                />
                Edit
              </button>
            </div>
          </div>
          <div
            class="section-min__describe"
            id="pushDesc"
          >
            Never
          </div>
        </div>
        <div
          class="divider-light"
        />
        <div
          class="section-min"
        >
          <div
            class="d-flex"
          >
            <h4
              class="section-min__title"
              id="keysWithNotificationTitle"
            >
              Keywords that trigger Notifications
            </h4>
            <div
              class="section-min__edit"
            >
              <button
                aria-expanded="false"
                aria-labelledby="keysWithNotificationTitle keysWithNotificationEdit"
                class="color--link cursor--pointer style--none text-left"
                id="keysWithNotificationEdit"
              >
                <i
                  class="icon-pencil-outline"
                  title="Edit Icon"
                />
                Edit
              </button>
            </div>
          </div>
          <div
            class="section-min__describe"
            id="keysWithNotificationDesc"
          >
            "@some-user"
          </div>
        </div>
        <div
          class="divider-light"
        />
        <div
          class="divider-dark"
        />
      </div>
    </div>
  </div>,
  "debug": [Function],
  "findAllByAltText": [Function],
  "findAllByDisplayValue": [Function],
  "findAllByLabelText": [Function],
  "findAllByPlaceholderText": [Function],
  "findAllByRole": [Function],
  "findAllByTestId": [Function],
  "findAllByText": [Function],
  "findAllByTitle": [Function],
  "findByAltText": [Function],
  "findByDisplayValue": [Function],
  "findByLabelText": [Function],
  "findByPlaceholderText": [Function],
  "findByRole": [Function],
  "findByTestId": [Function],
  "findByText": [Function],
  "findByTitle": [Function],
  "getAllByAltText": [Function],
  "getAllByDisplayValue": [Function],
  "getAllByLabelText": [Function],
  "getAllByPlaceholderText": [Function],
  "getAllByRole": [Function],
  "getAllByTestId": [Function],
  "getAllByText": [Function],
  "getAllByTitle": [Function],
  "getByAltText": [Function],
  "getByDisplayValue": [Function],
  "getByLabelText": [Function],
  "getByPlaceholderText": [Function],
  "getByRole": [Function],
  "getByTestId": [Function],
  "getByText": [Function],
  "getByTitle": [Function],
  "queryAllByAltText": [Function],
  "queryAllByDisplayValue": [Function],
  "queryAllByLabelText": [Function],
  "queryAllByPlaceholderText": [Function],
  "queryAllByRole": [Function],
  "queryAllByTestId": [Function],
  "queryAllByText": [Function],
  "queryAllByTitle": [Function],
  "queryByAltText": [Function],
  "queryByDisplayValue": [Function],
  "queryByLabelText": [Function],
  "queryByPlaceholderText": [Function],
  "queryByRole": [Function],
  "queryByTestId": [Function],
  "queryByText": [Function],
  "queryByTitle": [Function],
  "replaceStoreState": [Function],
  "rerender": [Function],
  "unmount": [Function],
  "updateStoreState": [Function],
}
`;
