// Jest Snapshot v1, https://goo.gl/fbAQLP

exports[`components/channel_invite_modal should match snapshot for channel_invite_modal with profiles 1`] = `
<Modal
  animation={true}
  aria-labelledby="channelInviteModalLabel"
  autoFocus={true}
  backdrop={true}
  bsClass="modal"
  dialogClassName="a11y__modal channel-invite"
  dialogComponentClass={[Function]}
  enforceFocus={true}
  id="addUsersToChannelModal"
  keyboard={true}
  manager={
    ModalManager {
      "add": [Function],
      "containers": Array [],
      "data": Array [],
      "handleContainerOverflow": true,
      "hideSiblingNodes": true,
      "isTopModal": [Function],
      "modals": Array [],
      "remove": [Function],
    }
  }
  onExited={[MockFunction]}
  onHide={[Function]}
  renderBackdrop={[Function]}
  restoreFocus={true}
  role="dialog"
  show={true}
>
  <ModalHeader
    bsClass="modal-header"
    closeButton={true}
    closeLabel="Close"
    id="channelInviteModalLabel"
  />
  <ModalBody
    bsClass="modal-body"
    className="overflow--visible"
    componentClass="div"
    role="application"
  >
    <div
      className="channel-invite__header"
    >
      <h1>
        <MemoizedFormattedMessage
          defaultMessage="Add people to {channel}"
          id="channel_invite.addNewMembers"
          values={
            Object {
              "channel": "testing",
            }
          }
        />
      </h1>
    </div>
    <div
      className="channel-invite__content"
    >
      <MultiSelect
        ariaLabelRenderer={[Function]}
        backButtonClass="btn-cancel tertiary-button"
        backButtonClick={[Function]}
        customNoOptionsMessage={null}
        focusOnLoad={true}
        handleAdd={[Function]}
        handleCancel={[Function]}
        handleDelete={[Function]}
        handleInput={[Function]}
        handlePageChange={[Function]}
        handleSubmit={[Function]}
        key="addUsersToChannelKey"
        loading={true}
        optionRenderer={[Function]}
        options={Array []}
        perPage={50}
        saveButtonPosition="bottom"
        saving={false}
        savingEnabled={true}
        selectedItemRef={
          Object {
            "current": null,
          }
        }
        valueWithImage={true}
        values={Array []}
      />
      <Memo(TeamWarningBanner)
        guests={Array []}
        teamId="eatxocwc3bg9ffo9xyybnj4omr"
        users={Array []}
      />
    </div>
  </ModalBody>
</Modal>
`;

exports[`components/channel_invite_modal should match snapshot for channel_invite_modal with profiles from DMs 1`] = `
<Modal
  animation={true}
  aria-labelledby="channelInviteModalLabel"
  autoFocus={true}
  backdrop={true}
  bsClass="modal"
  dialogClassName="a11y__modal channel-invite"
  dialogComponentClass={[Function]}
  enforceFocus={true}
  id="addUsersToChannelModal"
  keyboard={true}
  manager={
    ModalManager {
      "add": [Function],
      "containers": Array [],
      "data": Array [],
      "handleContainerOverflow": true,
      "hideSiblingNodes": true,
      "isTopModal": [Function],
      "modals": Array [],
      "remove": [Function],
    }
  }
  onExited={[MockFunction]}
  onHide={[Function]}
  renderBackdrop={[Function]}
  restoreFocus={true}
  role="dialog"
  show={true}
>
  <ModalHeader
    bsClass="modal-header"
    closeButton={true}
    closeLabel="Close"
    id="channelInviteModalLabel"
  />
  <ModalBody
    bsClass="modal-body"
    className="overflow--visible"
    componentClass="div"
    role="application"
  >
    <div
      className="channel-invite__header"
    >
      <h1>
        <MemoizedFormattedMessage
          defaultMessage="Add people to {channel}"
          id="channel_invite.addNewMembers"
          values={
            Object {
              "channel": "testing",
            }
          }
        />
      </h1>
    </div>
    <div
      className="channel-invite__content"
    >
      <MultiSelect
        ariaLabelRenderer={[Function]}
        backButtonClass="btn-cancel tertiary-button"
        backButtonClick={[Function]}
        customNoOptionsMessage={null}
        focusOnLoad={true}
        handleAdd={[Function]}
        handleCancel={[Function]}
        handleDelete={[Function]}
        handleInput={[Function]}
        handlePageChange={[Function]}
        handleSubmit={[Function]}
        key="addUsersToChannelKey"
        loading={true}
        optionRenderer={[Function]}
        options={Array []}
        perPage={50}
        saveButtonPosition="bottom"
        saving={false}
        savingEnabled={true}
        selectedItemRef={
          Object {
            "current": null,
          }
        }
        valueWithImage={true}
        values={Array []}
      />
      <Memo(TeamWarningBanner)
        guests={Array []}
        teamId="eatxocwc3bg9ffo9xyybnj4omr"
        users={Array []}
      />
    </div>
  </ModalBody>
</Modal>
`;

exports[`components/channel_invite_modal should match snapshot for channel_invite_modal with userStatuses 1`] = `
<Memo(GroupOption)
  addUserProfile={[MockFunction]}
  group={
    Object {
      "delete_at": 0,
      "id": "user-1",
      "label": "user-1",
      "value": "user-1",
    }
  }
  isSelected={true}
  onMouseMove={[MockFunction]}
  rowSelected="more-modal__row--selected"
  selectedItemRef={
    Object {
      "current": null,
    }
  }
/>
`;

exports[`components/channel_invite_modal should match snapshot with exclude and include users 1`] = `
<Modal
  animation={true}
  aria-labelledby="channelInviteModalLabel"
  autoFocus={true}
  backdrop={true}
  bsClass="modal"
  dialogClassName="a11y__modal channel-invite"
  dialogComponentClass={[Function]}
  enforceFocus={true}
  id="addUsersToChannelModal"
  keyboard={true}
  manager={
    ModalManager {
      "add": [Function],
      "containers": Array [],
      "data": Array [],
      "handleContainerOverflow": true,
      "hideSiblingNodes": true,
      "isTopModal": [Function],
      "modals": Array [],
      "remove": [Function],
    }
  }
  onExited={[MockFunction]}
  onHide={[Function]}
  renderBackdrop={[Function]}
  restoreFocus={true}
  role="dialog"
  show={true}
>
  <ModalHeader
    bsClass="modal-header"
    closeButton={true}
    closeLabel="Close"
    id="channelInviteModalLabel"
  />
  <ModalBody
    bsClass="modal-body"
    className="overflow--visible"
    componentClass="div"
    role="application"
  >
    <div
      className="channel-invite__header"
    >
      <h1>
        <MemoizedFormattedMessage
          defaultMessage="Add people to {channel}"
          id="channel_invite.addNewMembers"
          values={
            Object {
              "channel": "testing",
            }
          }
        />
      </h1>
    </div>
    <div
      className="channel-invite__content"
    >
      <MultiSelect
        ariaLabelRenderer={[Function]}
        backButtonClass="btn-cancel tertiary-button"
        backButtonClick={[Function]}
        customNoOptionsMessage={null}
        focusOnLoad={true}
        handleAdd={[Function]}
        handleCancel={[Function]}
        handleDelete={[Function]}
        handleInput={[Function]}
        handlePageChange={[Function]}
        handleSubmit={[Function]}
        key="addUsersToChannelKey"
        loading={true}
        optionRenderer={[Function]}
        options={Array []}
        perPage={50}
        saveButtonPosition="bottom"
        saving={false}
        savingEnabled={true}
        selectedItemRef={
          Object {
            "current": null,
          }
        }
        valueWithImage={true}
        values={Array []}
      />
      <Memo(TeamWarningBanner)
        guests={Array []}
        teamId="eatxocwc3bg9ffo9xyybnj4omr"
        users={Array []}
      />
    </div>
  </ModalBody>
</Modal>
`;
